// Jest Snapshot v1, https://goo.gl/fbAQLP

exports[`<App />> renders component correctly 1`] = `
<div>
  <div
    class="sc-bdfBQB dWImOz"
  >
    <header
      class="sc-gsTEea fpplvT"
    >
      <img
        alt="logo"
        class="sc-dlfnuX bMtshZ"
        src="logo.svg"
      />
      <p>
        Edit 
        <code>
          src/App.tsx
        </code>
         and save to reload.
      </p>
      <a
        class="sc-hKgJUU cHcczu"
        href="https://reactjs.org"
        rel="noopener noreferrer"
        target="_blank"
      >
        Learn React
      </a>
    </header>
  </div>
</div>
`;
